// Jest Snapshot v1, https://goo.gl/fbAQLP

exports[`App snapshot renders the loading screen 1`] = `null`;

exports[`App snapshot renders the root without loading screen 1`] = `
<View
  style={
    Object {
      "backgroundColor": "#fff",
      "flex": 1,
    }
  }
>
  <View
    style={
      Object {
        "flex": 1,
        "overflow": "hidden",
      }
    }
  >
    <View
      style={
        Object {
          "flex": 1,
        }
      }
    >
      <View
        collapsable={false}
        pointerEvents="auto"
        removeClippedSubviews={false}
        style={
          Array [
            Object {
              "flex": 1,
              "overflow": "hidden",
            },
            Object {
              "bottom": 0,
              "left": 0,
              "position": "absolute",
              "right": 0,
              "top": 0,
            },
            Object {
              "opacity": 1,
            },
          ]
        }
      >
        <View
          style={
            Object {
              "flex": 1,
            }
          }
        >
          <View
            onLayout={[Function]}
            style={
              Object {
                "flex": 1,
              }
            }
          >
            <View
              enabled={false}
              hitSlop={
                Object {
                  "right": 50,
                }
              }
              maxDeltaY={20}
              minOffsetX={5}
              onGestureEvent={[Function]}
              onHandlerStateChange={[Function]}
            >
              <View
                style={
                  Object {
                    "backgroundColor": "#eee",
                    "flex": 1,
                    "flexDirection": "column-reverse",
                    "overflow": "hidden",
                  }
                }
              >
                <View
                  style={
                    Object {
                      "flex": 1,
                    }
                  }
                >
                  <View
                    pointerEvents="auto"
                    style={
                      Object {
                        "bottom": 0,
                        "left": 0,
                        "opacity": 1,
                        "position": "absolute",
                        "right": 0,
                        "top": 0,
                        "transform": Array [
                          Object {
                            "translateX": 0,
                          },
                          Object {
                            "translateY": 0,
                          },
                        ],
                      }
                    }
                  >
                    <View
                      accessibilityElementsHidden={false}
                      style={
                        Object {
                          "backgroundColor": "#fff",
                          "flex": 1,
                        }
                      }
                    >
                      <View
                        style={
                          Object {
                            "backgroundColor": "#fff",
                            "flex": 1,
                            "padding": 8,
                          }
                        }
                      />
                    </View>
                  </View>
                </View>
                <View
                  onLayout={[Function]}
                  pointerEvents="box-none"
                  style={
                    Object {
                      "left": 0,
                      "position": "absolute",
                      "right": 0,
                      "top": 0,
                    }
                  }
                >
                  <View
                    style={
                      Object {
                        "backgroundColor": "#FFF",
                        "transform": Array [
                          Object {
                            "translateX": -750,
                          },
                        ],
                      }
                    }
                  >
                    <View
                      onLayout={[Function]}
                      pointerEvents="box-none"
                      style={
                        Object {
                          "backgroundColor": "#FFF",
                          "borderBottomColor": "#A7A7AA",
                          "borderBottomWidth": 0.5,
                          "height": 64,
                          "paddingBottom": 0,
                          "paddingLeft": 0,
                          "paddingRight": 0,
                          "paddingTop": 20,
                        }
                      }
                    >
                      <View
                        style={
                          Object {
                            "flex": 1,
                          }
                        }
                      />
                    </View>
                  </View>
                </View>
              </View>
            </View>
          </View>
        </View>
      </View>
    </View>
    <View
      onLayout={[Function]}
      pointerEvents="box-none"
      style={
        Object {
          "backgroundColor": "#fff",
          "borderTopColor": "rgba(0, 0, 0, .3)",
          "borderTopWidth": 0,
          "flexDirection": "row",
          "height": 60,
          "paddingBottom": 7,
          "paddingLeft": 0,
          "paddingRight": 0,
          "paddingTop": 7,
          "shadowColor": "#DDEDFD",
          "shadowOffset": Object {
            "height": 4,
            "width": 0,
          },
          "shadowOpacity": 1,
          "shadowRadius": 16,
        }
      }
    >
      <View
        accessibilityLabel="Home, tab, 1 of 3"
        accessible={true}
        hitSlop={
          Object {
            "bottom": 5,
            "left": 15,
            "right": 15,
            "top": 5,
          }
        }
        onResponderGrant={[Function]}
        onResponderMove={[Function]}
        onResponderRelease={[Function]}
        onResponderTerminate={[Function]}
        onResponderTerminationRequest={[Function]}
        onStartShouldSetResponder={[Function]}
        style={
          Array [
            Object {
              "alignItems": "center",
              "flex": 1,
            },
            Object {
              "backgroundColor": "transparent",
            },
            Object {
              "flexDirection": "column",
              "justifyContent": "flex-end",
            },
            undefined,
          ]
        }
      >
        <View
          style={
            Array [
              Object {
                "height": 29,
              },
              false,
              Object {
                "flex": 1,
              },
            ]
          }
        >
          <View
            style={
              Object {
                "alignItems": "center",
                "alignSelf": "center",
                "height": "100%",
                "justifyContent": "center",
                "minWidth": 25,
                "opacity": 1,
                "position": "absolute",
                "width": "100%",
              }
            }
          >
            <Text />
          </View>
          <View
            style={
              Object {
                "alignItems": "center",
                "alignSelf": "center",
                "height": "100%",
                "justifyContent": "center",
                "minWidth": 25,
                "opacity": 0,
                "position": "absolute",
                "width": "100%",
              }
            }
          >
            <Text />
          </View>
        </View>
        <Text
          allowFontScaling={true}
          numberOfLines={1}
          style={
            Object {
              "backgroundColor": "transparent",
              "color": "#2A43FC",
              "fontSize": 11,
              "fontWeight": "bold",
              "marginBottom": 1.5,
              "textAlign": "center",
            }
          }
        >
          Home
        </Text>
      </View>
      <View
        accessibilityLabel="Product, tab, 2 of 3"
        accessible={true}
        hitSlop={
          Object {
            "bottom": 5,
            "left": 15,
            "right": 15,
            "top": 5,
          }
        }
        onResponderGrant={[Function]}
        onResponderMove={[Function]}
        onResponderRelease={[Function]}
        onResponderTerminate={[Function]}
        onResponderTerminationRequest={[Function]}
        onStartShouldSetResponder={[Function]}
        style={
          Array [
            Object {
              "alignItems": "center",
              "flex": 1,
            },
            Object {
              "backgroundColor": "transparent",
            },
            Object {
              "flexDirection": "column",
              "justifyContent": "flex-end",
            },
            undefined,
          ]
        }
      >
        <View
          style={
            Array [
              Object {
                "height": 29,
              },
              false,
              Object {
                "flex": 1,
              },
            ]
          }
        >
          <View
            style={
              Object {
                "alignItems": "center",
                "alignSelf": "center",
                "height": "100%",
                "justifyContent": "center",
                "minWidth": 25,
                "opacity": 0,
                "position": "absolute",
                "width": "100%",
              }
            }
          >
            <Text />
          </View>
          <View
            style={
              Object {
                "alignItems": "center",
                "alignSelf": "center",
                "height": "100%",
                "justifyContent": "center",
                "minWidth": 25,
                "opacity": 1,
                "position": "absolute",
                "width": "100%",
              }
            }
          >
            <Text />
          </View>
        </View>
        <Text
          allowFontScaling={true}
          numberOfLines={1}
          style={
            Object {
              "backgroundColor": "transparent",
              "color": "#303030",
              "fontSize": 11,
              "fontWeight": "bold",
              "marginBottom": 1.5,
              "textAlign": "center",
            }
          }
        >
          Product
        </Text>
      </View>
      <View
        accessibilityLabel="Profile, tab, 3 of 3"
        accessible={true}
        hitSlop={
          Object {
            "bottom": 5,
            "left": 15,
            "right": 15,
            "top": 5,
          }
        }
        onResponderGrant={[Function]}
        onResponderMove={[Function]}
        onResponderRelease={[Function]}
        onResponderTerminate={[Function]}
        onResponderTerminationRequest={[Function]}
        onStartShouldSetResponder={[Function]}
        style={
          Array [
            Object {
              "alignItems": "center",
              "flex": 1,
            },
            Object {
              "backgroundColor": "transparent",
            },
            Object {
              "flexDirection": "column",
              "justifyContent": "flex-end",
            },
            undefined,
          ]
        }
      >
        <View
          style={
            Array [
              Object {
                "height": 29,
              },
              false,
              Object {
                "flex": 1,
              },
            ]
          }
        >
          <View
            style={
              Object {
                "alignItems": "center",
                "alignSelf": "center",
                "height": "100%",
                "justifyContent": "center",
                "minWidth": 25,
                "opacity": 0,
                "position": "absolute",
                "width": "100%",
              }
            }
          >
            <Text />
          </View>
          <View
            style={
              Object {
                "alignItems": "center",
                "alignSelf": "center",
                "height": "100%",
                "justifyContent": "center",
                "minWidth": 25,
                "opacity": 1,
                "position": "absolute",
                "width": "100%",
              }
            }
          >
            <Text />
          </View>
        </View>
        <Text
          allowFontScaling={true}
          numberOfLines={1}
          style={
            Object {
              "backgroundColor": "transparent",
              "color": "#303030",
              "fontSize": 11,
              "fontWeight": "bold",
              "marginBottom": 1.5,
              "textAlign": "center",
            }
          }
        >
          Profile
        </Text>
      </View>
    </View>
  </View>
</View>
`;
